Microchip MPLAB XC8 Compiler V2.00 ()

Linker command line:

-W-3 --edf=C:\Program Files (x86)\Microchip\xc8\v2.00\pic\dat\en_msgs.txt \
  -cs -h+dist/default/production\Climate_Sensor.X.production.sym \
  --cmf=dist/default/production\Climate_Sensor.X.production.cmf -z -Q16F84A \
  -oC:\Users\ADMINI~1\AppData\Local\Temp\sf4.2 --defsym=__MPLAB_BUILD=1 \
  -Mdist/default/production/Climate_Sensor.X.production.map -E1 -ver=XC8 \
  --acfsm=1493 -ASTACK=02Ch-04dh -pstack=STACK -ACODE=00h-03FFh \
  -ASTRCODE=00h-03FFh -ASTRING=00h-0FFhx4 -ACONST=00h-0FFhx4 \
  -AENTRY=00h-0FFhx4 -ABANK0=0Ch-04Dh -ARAM=0Ch-04Dh -AABS1=0Ch-04Fh \
  -ACOMMON=04Eh-04Fh -ASFR0=00h-0Bh -ASFR1=080h-0CDh \
  -preset_vec=00h,intentry,init,end_init -ppowerup=CODE -pcinit=CODE \
  -pfunctab=ENTRY -ACONFIG=02007h-02007h -pconfig=CONFIG -DCONFIG=2 \
  -AIDLOC=02000h-02003h -pidloc=IDLOC -DIDLOC=2 -AEEDATA=00h-03Fh/02100h \
  -peeprom_data=EEDATA -DEEDATA=2 -DCODE=2 -DSTRCODE=2 -DSTRING=2 -DCONST=2 \
  -DENTRY=2 -k C:\Users\ADMINI~1\AppData\Local\Temp\sf4.o \
  dist/default/production\Climate_Sensor.X.production.o 

Object code version is 3.11

Machine type is 16F84A



                Name                               Link     Load   Length Selector   Space Scale
C:\Users\ADMINI~1\AppData\Local\Temp\sf4.o
                end_init                              0        0        1        0       0
                config                             2007     2007        1     400E       0
dist/default/production\Climate_Sensor.X.production.o
                cinit                               3F4      3F4        C      7E8       0
                text9                               1D7      1D7       C2      3AE       0
                text8                               117      117       11      22E       0
                text7                                F8       F8        F      1F0       0
                text6                                EB       EB        D      1D6       0
                text5                                E6       E6        5      1CC       0
                text4                               107      107       10      20E       0
                text3                               128      128       21      250       0
                text2                               18B      18B       4C      316       0
                text1                               149      149       42      292       0
                maintext                            299      299      15B      532       0
                cstackBANK0                           C        C       18        C       1
                dataBANK0                            2A       2A        2        C       1
                bssBANK0                             24       24        6        C       1
                strings                               1        1       30        2       0
                idataBANK0                           E4       E4        2      1C8       0

TOTAL           Name                               Link     Load   Length     Space
        CLASS   STACK          

        CLASS   CODE           
                end_init                              0        0        1         0
                cinit                               3F4      3F4        C         0
                text9                               1D7      1D7       C2         0
                text8                               117      117       11         0
                text7                                F8       F8        F         0
                text6                                EB       EB        D         0
                text5                                E6       E6        5         0
                text4                               107      107       10         0
                text3                               128      128       21         0
                text2                               18B      18B       4C         0
                text1                               149      149       42         0
                maintext                            299      299      15B         0
                idataBANK0                           E4       E4        2         0

        CLASS   STRCODE        

        CLASS   STRING         
                strings                               1        1       30         0

        CLASS   CONST          

        CLASS   ENTRY          

        CLASS   BANK0          
                cstackBANK0                           C        C       18         1
                dataBANK0                            2A       2A        2         1
                bssBANK0                             24       24        6         1

        CLASS   RAM            

        CLASS   ABS1           
                abs_s1                               4E       4E        2         1

        CLASS   COMMON         

        CLASS   SFR0           

        CLASS   SFR1           

        CLASS   CONFIG         
                config                             2007     2007        1         0

        CLASS   IDLOC          

        CLASS   EEDATA         

        CLASS   BANK1          



SEGMENTS        Name                           Load    Length   Top    Selector   Space  Class     Delta

                reset_vec                      000000  000001  000001         0       0  CODE        2
                strings                        000001  000030  000031         2       0  STRING      2
                cstackBANK0                    00000C  000020  00002C         C       1  BANK0       1
                idataBANK0                     0000E4  000002  0000E6       1C8       0  CODE        2
                text5                          0000E6  000005  0000EB       1CC       0  CODE        2
                text6                          0000EB  00000D  0000F8       1D6       0  CODE        2
                text7                          0000F8  00000F  000107       1F0       0  CODE        2
                text4                          000107  000010  000117       20E       0  CODE        2
                text8                          000117  000011  000128       22E       0  CODE        2
                text3                          000128  000021  000149       250       0  CODE        2
                text1                          000149  000042  00018B       292       0  CODE        2
                text2                          00018B  00004C  0001D7       316       0  CODE        2
                text9                          0001D7  0000C2  000299       3AE       0  CODE        2
                maintext                       000299  00015B  0003F4       532       0  CODE        2
                cinit                          0003F4  00000C  000400       7E8       0  CODE        2
                config                         002007  000001  002008      400E       0  CONFIG      2


UNUSED ADDRESS RANGES

        Name                Unused          Largest block    Delta
        BANK0            002C-004D             22           1
        CODE             0031-00E3             B3           2
        CONST            0031-00E3             B3           2
        EEDATA           2100-213F             40           2
        ENTRY            0031-00E3             B3           2
        IDLOC            2000-2003              4           2
        RAM              002C-004D             22           1
        SFR0             0000-000B              C           1
        SFR1             0080-00CD             4E           1
        STACK            002C-004D             22           1
        STRCODE          0031-00E3             B3           2
        STRING           0031-00E3             B3           2

                                  Symbol Table

?___lwdiv                  cstackBANK0  000C
?___lwmod                  cstackBANK0  000C
DHT_read_data@chksum       cstackBANK0  0015
DHT_read_data@i            cstackBANK0  0012
DHT_read_data@i_60         cstackBANK0  0013
DHT_read_data@i_62         cstackBANK0  0014
DHT_read_data@res          cstackBANK0  0011
VFD_padding@offset         cstackBANK0  000E
VFD_printf@i               cstackBANK0  0011
VFD_printf@str             cstackBANK0  000E
VFD_putc@c                 cstackBANK0  000D
VFD_putcmd@cmd             cstackBANK0  000F
_DHT_read_data             text9        01D7
_DHT_start_signal          text8        0117
_PORTB                     (abs)        0006
_RA1                       (abs)        0029
_RA2                       (abs)        002A
_RA3                       (abs)        002B
_RH                        bssBANK0     0026
_T                         bssBANK0     0024
_TRISA1                    (abs)        0429
_TRISA2                    (abs)        042A
_TRISA3                    (abs)        042B
_TRISB                     (abs)        0086
_VFD_init                  text5        00E6
_VFD_padding               text4        0107
_VFD_printf                text3        0128
_VFD_putc                  text7        00F8
_VFD_putcmd                text6        00EB
__CFG_CP$OFF               (abs)        0000
__CFG_FOSC$XT              (abs)        0000
__CFG_PWRTE$ON             (abs)        0000
__CFG_WDTE$OFF             (abs)        0000
__Habs1                    abs1         0000
__Hbank0                   bank0        0000
__Hbank1                   bank1        0000
__HbssBANK0                bssBANK0     0000
__Hcinit                   cinit        0400
__Hclrtext                 clrtext      0000
__Hcode                    code         0000
__Hcommon                  common       0000
__Hconfig                  config       2008
__HcstackBANK0             cstackBANK0  0000
__HcstackCOMMON            cstackCOMMON 0000
__HdataBANK0               dataBANK0    0000
__Heeprom_data             eeprom_data  0000
__Hend_init                end_init     0001
__Hfunctab                 functab      0000
__HidataBANK0              idataBANK0   0000
__Hidloc                   idloc        0000
__Hinit                    init         0000
__Hintentry                intentry     0000
__Hmaintext                maintext     0000
__Hpowerup                 powerup      0000
__Hram                     ram          0000
__Hreset_vec               reset_vec    0000
__Hsfr0                    sfr0         0000
__Hsfr1                    sfr1         0000
__Hspace_0                 (abs)        2008
__Hspace_1                 (abs)        002C
__Hspace_2                 (abs)        0000
__Hspace_3                 (abs)        0000
__Hstack                   stack        0000
__Hstrings                 strings      0000
__Htext                    text         0000
__Labs1                    abs1         0000
__Lbank0                   bank0        0000
__Lbank1                   bank1        0000
__LbssBANK0                bssBANK0     0000
__Lcinit                   cinit        03F4
__Lclrtext                 clrtext      0000
__Lcode                    code         0000
__Lcommon                  common       0000
__Lconfig                  config       2007
__LcstackBANK0             cstackBANK0  0000
__LcstackCOMMON            cstackCOMMON 0000
__LdataBANK0               dataBANK0    0000
__Leeprom_data             eeprom_data  0000
__Lend_init                end_init     0000
__Lfunctab                 functab      0000
__LidataBANK0              idataBANK0   0000
__Lidloc                   idloc        0000
__Linit                    init         0000
__Lintentry                intentry     0000
__Lmaintext                maintext     0000
__Lpowerup                 powerup      0000
__Lram                     ram          0000
__Lreset_vec               reset_vec    0000
__Lsfr0                    sfr0         0000
__Lsfr1                    sfr1         0000
__Lspace_0                 (abs)        0000
__Lspace_1                 (abs)        0000
__Lspace_2                 (abs)        0000
__Lspace_3                 (abs)        0000
__Lstack                   stack        0000
__Lstrings                 strings      0000
__Ltext                    text         0000
__S0                       (abs)        2008
__S1                       (abs)        002C
__S2                       (abs)        0000
__S3                       (abs)        0000
___int_sp                  stack        0000
___latbits                 (abs)        0000
___lwdiv                   text2        018B
___lwdiv@counter           cstackBANK0  0013
___lwdiv@dividend          cstackBANK0  000E
___lwdiv@divisor           cstackBANK0  000C
___lwdiv@quotient          cstackBANK0  0011
___lwmod                   text1        0149
___lwmod@counter           cstackBANK0  0011
___lwmod@dividend          cstackBANK0  000E
___lwmod@divisor           cstackBANK0  000C
___sp                      stack        0000
__end_of_DHT_read_data     text9        0299
__end_of_DHT_start_signal  text8        0128
__end_of_VFD_init          text5        00EB
__end_of_VFD_padding       text4        0117
__end_of_VFD_printf        text3        0149
__end_of_VFD_putc          text7        0107
__end_of_VFD_putcmd        text6        00F8
__end_of___lwdiv           text2        01D7
__end_of___lwmod           text1        018B
__end_of__initialization   cinit        03FE
__end_of__stringtab        strings      0011
__end_of_main              maintext     03F4
__initialization           cinit        03F4
__pbssBANK0                bssBANK0     0024
__pcstackBANK0             cstackBANK0  000C
__pcstackCOMMON            cstackCOMMON 0000
__pdataBANK0               dataBANK0    002A
__pidataBANK0              idataBANK0   00E4
__pmaintext                maintext     0299
__pstrings                 strings      0001
__ptext1                   text1        0149
__ptext2                   text2        018B
__ptext3                   text3        0128
__ptext4                   text4        0107
__ptext5                   text5        00E6
__ptext6                   text6        00EB
__ptext7                   text7        00F8
__ptext8                   text8        0117
__ptext9                   text9        01D7
__size_of_DHT_read_data    (abs)        0000
__size_of_DHT_start_signal (abs)        0000
__size_of_VFD_init         (abs)        0000
__size_of_VFD_padding      (abs)        0000
__size_of_VFD_printf       (abs)        0000
__size_of_VFD_putc         (abs)        0000
__size_of_VFD_putcmd       (abs)        0000
__size_of___lwdiv          (abs)        0000
__size_of___lwmod          (abs)        0000
__size_of_main             (abs)        0000
__stringbase               strings      0010
__stringtab                strings      0001
_dirRH                     dataBANK0    002B
_dirT                      dataBANK0    002A
_main                      maintext     0299
_offsetRH                  bssBANK0     0029
_offsetT                   bssBANK0     0028
btemp                      (abs)        004E
end_of_initialization      cinit        03FE
intlevel0                  functab      0000
intlevel1                  functab      0000
intlevel2                  functab      0000
intlevel3                  functab      0000
intlevel4                  functab      0000
intlevel5                  functab      0000
main@humidity              cstackBANK0  0019
main@temperature           cstackBANK0  001E
reset_vec                  reset_vec    0000
stackhi                    (abs)        0000
stacklo                    (abs)        0000
start                      init         0000
start_initialization       cinit        03F4
wtemp0                     (abs)        004E


FUNCTION INFORMATION:

 *************** function _main *****************
 Defined at:
		line 153 in file "main.c"
 Parameters:    Size  Location     Type
		None
 Auto vars:     Size  Location     Type
  temperature     6   18[BANK0 ] unsigned char [6]
  humidity        5   13[BANK0 ] unsigned char [5]
 Return value:  Size  Location     Type
                  1    wreg      void 
 Registers used:
		wreg, fsr0l, fsr0h, status,2, status,0, btemp+1, pclath, cstack
 Tracked objects:
		On entry : 
		On exit  : 
		Unchanged: 
 Data sizes:     COMMON   BANK0
      Params:         0       0
      Locals:         0      11
      Temps:          0       3
      Totals:         0      14
Total ram usage:       14 bytes
 Hardware stack levels required when called:    3
 This function calls:
		_DHT_read_data
		_DHT_start_signal
		_VFD_init
		_VFD_padding
		_VFD_printf
		___lwdiv
		___lwmod
 This function is called by:
		Startup code after reset
 This function uses a non-reentrant model


 *************** function ___lwmod *****************
 Defined at:
		line 5 in file "C:\Program Files (x86)\Microchip\xc8\v2.00\pic\sources\c90\common\lwmod.c"
 Parameters:    Size  Location     Type
  divisor         2    0[BANK0 ] unsigned int 
  dividend        2    2[BANK0 ] unsigned int 
 Auto vars:     Size  Location     Type
  counter         1    5[BANK0 ] unsigned char 
 Return value:  Size  Location     Type
                  2    0[BANK0 ] unsigned int 
 Registers used:
		wreg, status,2, status,0
 Tracked objects:
		On entry : 
		On exit  : 
		Unchanged: 
 Data sizes:     COMMON   BANK0
      Params:         0       4
      Locals:         0       1
      Temps:          0       1
      Totals:         0       6
Total ram usage:        6 bytes
 Hardware stack levels used:    1
 This function calls:
		Nothing
 This function is called by:
		_main
 This function uses a non-reentrant model


 *************** function ___lwdiv *****************
 Defined at:
		line 5 in file "C:\Program Files (x86)\Microchip\xc8\v2.00\pic\sources\c90\common\lwdiv.c"
 Parameters:    Size  Location     Type
  divisor         2    0[BANK0 ] unsigned int 
  dividend        2    2[BANK0 ] unsigned int 
 Auto vars:     Size  Location     Type
  quotient        2    5[BANK0 ] unsigned int 
  counter         1    7[BANK0 ] unsigned char 
 Return value:  Size  Location     Type
                  2    0[BANK0 ] unsigned int 
 Registers used:
		wreg, status,2, status,0
 Tracked objects:
		On entry : 
		On exit  : 
		Unchanged: 
 Data sizes:     COMMON   BANK0
      Params:         0       4
      Locals:         0       3
      Temps:          0       1
      Totals:         0       8
Total ram usage:        8 bytes
 Hardware stack levels used:    1
 This function calls:
		Nothing
 This function is called by:
		_main
 This function uses a non-reentrant model


 *************** function _VFD_printf *****************
 Defined at:
		line 60 in file "main.c"
 Parameters:    Size  Location     Type
  str             2    2[BANK0 ] PTR unsigned char 
		 -> STR_3(14), STR_2(11), main@temperature(6), main@humidity(5), 
		 -> STR_1(7), 
 Auto vars:     Size  Location     Type
  i               1    5[BANK0 ] unsigned char 
 Return value:  Size  Location     Type
                  1    wreg      void 
 Registers used:
		wreg, fsr0l, fsr0h, status,2, status,0, btemp+1, pclath, cstack
 Tracked objects:
		On entry : 
		On exit  : 
		Unchanged: 
 Data sizes:     COMMON   BANK0
      Params:         0       2
      Locals:         0       1
      Temps:          0       1
      Totals:         0       4
Total ram usage:        4 bytes
 Hardware stack levels used:    1
 Hardware stack levels required when called:    1
 This function calls:
		_VFD_putc
 This function is called by:
		_main
 This function uses a non-reentrant model


 *************** function _VFD_padding *****************
 Defined at:
		line 70 in file "main.c"
 Parameters:    Size  Location     Type
  offset          1    wreg     unsigned char 
 Auto vars:     Size  Location     Type
  offset          1    2[BANK0 ] unsigned char 
 Return value:  Size  Location     Type
                  1    wreg      void 
 Registers used:
		wreg, status,2, status,0, pclath, cstack
 Tracked objects:
		On entry : 
		On exit  : 
		Unchanged: 
 Data sizes:     COMMON   BANK0
      Params:         0       0
      Locals:         0       1
      Temps:          0       0
      Totals:         0       1
Total ram usage:        1 bytes
 Hardware stack levels used:    1
 Hardware stack levels required when called:    1
 This function calls:
		_VFD_putc
 This function is called by:
		_main
 This function uses a non-reentrant model


 *************** function _VFD_init *****************
 Defined at:
		line 79 in file "main.c"
 Parameters:    Size  Location     Type
		None
 Auto vars:     Size  Location     Type
		None
 Return value:  Size  Location     Type
                  1    wreg      void 
 Registers used:
		wreg, status,2, status,0, pclath, cstack
 Tracked objects:
		On entry : 
		On exit  : 
		Unchanged: 
 Data sizes:     COMMON   BANK0
      Params:         0       0
      Locals:         0       0
      Temps:          0       0
      Totals:         0       0
Total ram usage:        0 bytes
 Hardware stack levels used:    1
 Hardware stack levels required when called:    2
 This function calls:
		_VFD_putcmd
 This function is called by:
		_main
 This function uses a non-reentrant model


 *************** function _VFD_putcmd *****************
 Defined at:
		line 54 in file "main.c"
 Parameters:    Size  Location     Type
  cmd             1    wreg     unsigned char 
 Auto vars:     Size  Location     Type
  cmd             1    3[BANK0 ] unsigned char 
 Return value:  Size  Location     Type
                  1    wreg      void 
 Registers used:
		wreg, status,2, status,0, pclath, cstack
 Tracked objects:
		On entry : 
		On exit  : 
		Unchanged: 
 Data sizes:     COMMON   BANK0
      Params:         0       0
      Locals:         0       1
      Temps:          0       1
      Totals:         0       2
Total ram usage:        2 bytes
 Hardware stack levels used:    1
 Hardware stack levels required when called:    1
 This function calls:
		_VFD_putc
 This function is called by:
		_VFD_init
 This function uses a non-reentrant model


 *************** function _VFD_putc *****************
 Defined at:
		line 42 in file "main.c"
 Parameters:    Size  Location     Type
  c               1    wreg     unsigned char 
 Auto vars:     Size  Location     Type
  c               1    1[BANK0 ] unsigned char 
 Return value:  Size  Location     Type
                  1    wreg      void 
 Registers used:
		wreg
 Tracked objects:
		On entry : 
		On exit  : 
		Unchanged: 
 Data sizes:     COMMON   BANK0
      Params:         0       0
      Locals:         0       1
      Temps:          0       1
      Totals:         0       2
Total ram usage:        2 bytes
 Hardware stack levels used:    1
 This function calls:
		Nothing
 This function is called by:
		_VFD_putcmd
		_VFD_printf
		_VFD_padding
 This function uses a non-reentrant model


 *************** function _DHT_start_signal *****************
 Defined at:
		line 143 in file "main.c"
 Parameters:    Size  Location     Type
		None
 Auto vars:     Size  Location     Type
		None
 Return value:  Size  Location     Type
                  1    wreg      void 
 Registers used:
		wreg
 Tracked objects:
		On entry : 
		On exit  : 
		Unchanged: 
 Data sizes:     COMMON   BANK0
      Params:         0       0
      Locals:         0       0
      Temps:          0       1
      Totals:         0       1
Total ram usage:        1 bytes
 Hardware stack levels used:    1
 This function calls:
		Nothing
 This function is called by:
		_main
 This function uses a non-reentrant model


 *************** function _DHT_read_data *****************
 Defined at:
		line 86 in file "main.c"
 Parameters:    Size  Location     Type
		None
 Auto vars:     Size  Location     Type
  i               1    8[BANK0 ] unsigned char 
  i               1    7[BANK0 ] unsigned char 
  i               1    6[BANK0 ] unsigned char 
  chksum          1    9[BANK0 ] unsigned char 
  res             1    5[BANK0 ] unsigned char 
 Return value:  Size  Location     Type
                  1    wreg      void 
 Registers used:
		wreg, status,2, status,0
 Tracked objects:
		On entry : 
		On exit  : 
		Unchanged: 
 Data sizes:     COMMON   BANK0
      Params:         0       0
      Locals:         0       5
      Temps:          0       5
      Totals:         0      10
Total ram usage:       10 bytes
 Hardware stack levels used:    1
 This function calls:
		Nothing
 This function is called by:
		_main
 This function uses a non-reentrant model



MODULE INFORMATION

Module		Function		Class		Link	Load	Size
C:\Program Files (x86)\Microchip\xc8\v2.00\pic\sources\c90\common\lwmod.c
		___lwmod       		CODE           	0149	0000	67

C:\Program Files (x86)\Microchip\xc8\v2.00\pic\sources\c90\common\lwmod.c estimated size: 67

C:\Program Files (x86)\Microchip\xc8\v2.00\pic\sources\c90\common\lwdiv.c
		___lwdiv       		CODE           	018B	0000	77

C:\Program Files (x86)\Microchip\xc8\v2.00\pic\sources\c90\common\lwdiv.c estimated size: 77

shared
		__stringtab    		STRING         	0001	0000	17
		__initialization		CODE           	03F4	0000	11

shared estimated size: 28

main.c
		_VFD_padding   		CODE           	0107	0000	17
		_main          		CODE           	0299	0000	348
		_VFD_printf    		CODE           	0128	0000	34
		_DHT_read_data 		CODE           	01D7	0000	195
		_DHT_start_signal		CODE           	0117	0000	18
		_VFD_init      		CODE           	00E6	0000	6
		_VFD_putc      		CODE           	00F8	0000	16
		_VFD_putcmd    		CODE           	00EB	0000	14

main.c estimated size: 648

